
> Task :compileJava
.\gradlew.bat : C:\Use
rs\juju4\dev\Certi-Fol
io-Back_v2\src\main\ja
va\com\certifolio\serv
er\Analytics\repositor
y\ActivityRepository.j
ava:3: error: cannot f
ind symbol
위치 줄:1 문자:1
+ .\gradlew.bat compil
eJava 2>&1 | Out-File 
-FilePath build_errors
.txt  ...
+ ~~~~~~~~~~~~~~~~~~~~
~~~~~~~~~~
    + CategoryInfo    
          : NotSpeci  
  fied: (C:\Users\j   
 uju4\...not find     
symbol:String) []    ,
 RemoteException
    + FullyQualifiedE 
   rrorId : NativeCo  
  mmandError
 
import com.certifolio.
server.domain.Activity
;
                      
             ^
  symbol:   class Acti
vity
  location: package co
m.certifolio.server.do
main
C:\Users\juju4\dev\Cer
ti-Folio-Back_v2\src\m
ain\java\com\certifoli
o\server\Analytics\rep
ository\ActivityReposi
tory.java:4: error: ca
nnot find symbol
import com.certifolio.
server.domain.User;
                      
             ^
  symbol:   class User
  location: package co
m.certifolio.server.do
main
C:\Users\juju4\dev\Cer
ti-Folio-Back_v2\src\m
ain\java\com\certifoli
o\server\Analytics\rep
ository\ActivityReposi
tory.java:9: error: ca
nnot find symbol
public interface Activ
ityRepository extends 
JpaRepository<Activity
, Long> {
                      
                      
              ^
  symbol: class Activi
ty
C:\Users\juju4\dev\Cer
ti-Folio-Back_v2\src\m
ain\java\com\certifoli
o\server\Analytics\rep
ository\ActivityReposi
tory.java:10: error: c
annot find symbol
    List<Activity> fin
dAllByUser(User user);
                      
           ^
  symbol:   class User
  location: interface 
ActivityRepository
C:\Users\juju4\dev\Cer
ti-Folio-Back_v2\src\m
ain\java\com\certifoli
o\server\Analytics\rep
ository\ActivityReposi
tory.java:10: error: c
annot find symbol
    List<Activity> fin
dAllByUser(User user);
         ^
  symbol:   class Acti
vity
  location: interface 
ActivityRepository
C:\Users\juju4\dev\Cer
ti-Folio-Back_v2\src\m
ain\java\com\certifoli
o\server\domain\Career
Preference.java:21: er
ror: cannot find symbo
l
    private User user;
            ^
  symbol:   class User
  location: class Care
erPreference
C:\Users\juju4\dev\Cer
ti-Folio-Back_v2\src\m
ain\java\com\certifoli
o\server\domain\Career
Preference.java:21: er
ror: cannot find symbo
l
    private User user;
                 ^
  symbol:   class User
  location: class Care
erPreference
C:\Users\juju4\dev\Cer
ti-Folio-Back_v2\src\m
ain\java\com\certifoli
o\server\domain\Career
Preference.java:9: err
or: cannot find symbol
@Setter
^
  symbol:   class User
  location: class Care
erPreference
C:\Users\juju4\dev\Cer
ti-Folio-Back_v2\src\m
ain\java\com\certifoli
o\server\domain\Career
Preference.java:11: er
ror: cannot find symbo
l
@AllArgsConstructor
^
  symbol:   class User
  location: class Care
erPreference
C:\Users\juju4\dev\Cer
ti-Folio-Back_v2\src\m
ain\java\com\certifoli
o\server\domain\Career
Preference.java:12: er
ror: cannot find symbo
l
@Builder
^
  symbol:   class User
  location: class Care
erPreferenceBuilder
C:\Users\juju4\dev\Cer
ti-Folio-Back_v2\src\m
ain\java\com\certifoli
o\server\controller\An
alyticsController.java
:4: error: cannot find
 symbol
import com.certifolio.
server.domain.User;
                      
             ^
  symbol:   class User
  location: package co
m.certifolio.server.do
main
C:\Users\juju4\dev\Cer
ti-Folio-Back_v2\src\m
ain\java\com\certifoli
o\server\controller\An
alyticsController.java
:6: error: cannot find
 symbol
import com.certifolio.
server.repository.Care
erPreferenceRepository
;
                      
                 ^
  symbol:   class Care
erPreferenceRepository
  location: package co
m.certifolio.server.re
pository
C:\Users\juju4\dev\Cer
ti-Folio-Back_v2\src\m
ain\java\com\certifoli
o\server\controller\An
alyticsController.java
:7: error: cannot find
 symbol
import com.certifolio.
server.repository.User
Repository;
                      
                 ^
  symbol:   class User
Repository
  location: package co
m.certifolio.server.re
pository
C:\Users\juju4\dev\Cer
ti-Folio-Back_v2\src\m
ain\java\com\certifoli
o\server\controller\An
alyticsController.java
:20: error: cannot fin
d symbol
    private final Care
erPreferenceRepository
 preferenceRepository;
                  ^
  symbol:   class Care
erPreferenceRepository
  location: class Anal
yticsController
C:\Users\juju4\dev\Cer
ti-Folio-Back_v2\src\m
ain\java\com\certifoli
o\server\controller\An
alyticsController.java
:21: error: cannot fin
d symbol
    private final User
Repository userReposit
ory;
                  ^
  symbol:   class User
Repository
  location: class Anal
yticsController
C:\Users\juju4\dev\Cer
ti-Folio-Back_v2\src\m
ain\java\com\certifoli
o\server\controller\An
alyticsController.java
:46: error: cannot fin
d symbol
    private User getUs
er(Long userId) {
            ^
  symbol:   class User
  location: class Anal
yticsController
C:\Users\juju4\dev\Cer
ti-Folio-Back_v2\src\m
ain\java\com\certifoli
o\server\controller\An
alyticsController.java
:17: error: cannot fin
d symbol
@RequiredArgsConstruct
or
^
  symbol:   class Care
erPreferenceRepository
  location: class Anal
yticsController
C:\Users\juju4\dev\Cer
ti-Folio-Back_v2\src\m
ain\java\com\certifoli
o\server\repository\Ce
rtificateRepository.ja
va:4: error: cannot fi
nd symbol
import com.certifolio.
server.domain.User;
                      
             ^
  symbol:   class User
  location: package co
m.certifolio.server.do
main
C:\Users\juju4\dev\Cer
ti-Folio-Back_v2\src\m
ain\java\com\certifoli
o\server\repository\Pr
ojectRepository.java:4
: error: cannot find s
ymbol
import com.certifolio.
server.domain.User;
                      
             ^
  symbol:   class User
  location: package co
m.certifolio.server.do
main
C:\Users\juju4\dev\Cer
ti-Folio-Back_v2\src\m
ain\java\com\certifoli
o\server\User\service\
PortfolioServiceImpl.j
ava:29: error: cannot 
find symbol
    private final Care
erRepository careerRep
ository;
                  ^
  symbol:   class Care
erRepository
  location: class Port
folioServiceImpl
C:\Users\juju4\dev\Cer
ti-Folio-Back_v2\src\m
ain\java\com\certifoli
o\server\repository\Ed
ucationRepository.java
:4: error: cannot find
 symbol
import com.certifolio.
server.domain.User;
                      
             ^
  symbol:   class User
  location: package co
m.certifolio.server.do
main
C:\Users\juju4\dev\Cer
ti-Folio-Back_v2\src\m
ain\java\com\certifoli
o\server\User\service\
PortfolioServiceImpl.j
ava:21: error: cannot 
find symbol
@RequiredArgsConstruct
or
^
  symbol:   class Care
erRepository
  location: class Port
folioServiceImpl
C:\Users\juju4\dev\Cer
ti-Folio-Back_v2\src\m
ain\java\com\certifoli
o\server\repository\Ed
ucationRepository.java
:10: error: cannot fin
d symbol
    List<Education> fi
ndAllByUser(User user)
;
                      
            ^
  symbol:   class User
  location: interface 
EducationRepository
C:\Users\juju4\dev\Cer
ti-Folio-Back_v2\src\m
ain\java\com\certifoli
o\server\domain\Educat
ion.java:23: error: ca
nnot find symbol
    private User user;
            ^
  symbol:   class User
  location: class Educ
ation
C:\Users\juju4\dev\Cer
ti-Folio-Back_v2\src\m
ain\java\com\certifoli
o\server\domain\Educat
ion.java:49: error: ca
nnot find symbol
    public Education(U
ser user, String type,
 String schoolName, St
ring major, String deg
ree, String status, Lo
calDate startDate, Loc
alDate endDate, boolea
n isCurrent, Double gp
a, Double maxGpa, Stri
ng location) {
                     ^
  symbol:   class User
  location: class Educ
ation
C:\Users\juju4\dev\Cer
ti-Folio-Back_v2\src\m
ain\java\com\certifoli
o\server\domain\Educat
ion.java:23: error: ca
nnot find symbol
    private User user;
                 ^
  symbol:   class User
  location: class Educ
ation
C:\Users\juju4\dev\Cer
ti-Folio-Back_v2\src\m
ain\java\com\certifoli
o\server\domain\Educat
ion.java:48: error: ca
nnot find symbol
    @Builder
    ^
  symbol:   class User
  location: class Educ
ationBuilder
C:\Users\juju4\dev\Cer
ti-Folio-Back_v2\src\m
ain\java\com\certifoli
o\server\repository\Pr
ojectRepository.java:1
0: error: cannot find 
symbol
    List<Project> find
AllByUser(User user);
                      
          ^
  symbol:   class User
  location: interface 
ProjectRepository
C:\Users\juju4\dev\Cer
ti-Folio-Back_v2\src\m
ain\java\com\certifoli
o\server\domain\Projec
t.java:23: error: cann
ot find symbol
    private User user;
            ^
  symbol:   class User
  location: class Proj
ect
C:\Users\juju4\dev\Cer
ti-Folio-Back_v2\src\m
ain\java\com\certifoli
o\server\domain\Projec
t.java:51: error: cann
ot find symbol
    public Project(Use
r user, String name, S
tring type, String rol
e, String teamSize, St
ring techStack, String
 description, String g
ithubLink, String demo
Link, String result, L
ocalDate startDate, Lo
calDate endDate) {
                   ^
  symbol:   class User
  location: class Proj
ect
C:\Users\juju4\dev\Cer
ti-Folio-Back_v2\src\m
ain\java\com\certifoli
o\server\domain\Projec
t.java:23: error: cann
ot find symbol
    private User user;
                 ^
  symbol:   class User
  location: class Proj
ect
C:\Users\juju4\dev\Cer
ti-Folio-Back_v2\src\m
ain\java\com\certifoli
o\server\domain\Projec
t.java:50: error: cann
ot find symbol
    @Builder
    ^
  symbol:   class User
  location: class Proj
ectBuilder
C:\Users\juju4\dev\Cer
ti-Folio-Back_v2\src\m
ain\java\com\certifoli
o\server\repository\Ce
rtificateRepository.ja
va:10: error: cannot f
ind symbol
    List<Certificate> 
findAllByUser(User use
r);
                      
              ^
  symbol:   class User
  location: interface 
CertificateRepository
C:\Users\juju4\dev\Cer
ti-Folio-Back_v2\src\m
ain\java\com\certifoli
o\server\domain\Certif
icate.java:23: error: 
cannot find symbol
    private User user;
            ^
  symbol:   class User
  location: class Cert
ificate
C:\Users\juju4\dev\Cer
ti-Folio-Back_v2\src\m
ain\java\com\certifoli
o\server\domain\Certif
icate.java:45: error: 
cannot find symbol
    public Certificate
(User user, String nam
e, String issuer, Loca
lDate issueDate, Local
Date expiryDate, Strin
g status, String score
, String certificateNu
mber, String category,
 String imageUrl) {
                      
 ^
  symbol:   class User
  location: class Cert
ificate
C:\Users\juju4\dev\Cer
ti-Folio-Back_v2\src\m
ain\java\com\certifoli
o\server\domain\Certif
icate.java:23: error: 
cannot find symbol
    private User user;
                 ^
  symbol:   class User
  location: class Cert
ificate
C:\Users\juju4\dev\Cer
ti-Folio-Back_v2\src\m
ain\java\com\certifoli
o\server\domain\Certif
icate.java:44: error: 
cannot find symbol
    @Builder
    ^
  symbol:   class User
  location: class Cert
ificateBuilder
C:\Users\juju4\dev\Cer
ti-Folio-Back_v2\src\m
ain\java\com\certifoli
o\server\User\controll
er\PortfolioController
.java:89: error: canno
t find symbol
            @RequestBo
dy List<ActivityDTO> d
tos) {
                      
        ^
  symbol:   class Acti
vityDTO
  location: class Port
folioController
C:\Users\juju4\dev\Cer
ti-Folio-Back_v2\src\m
ain\java\com\certifoli
o\server\User\controll
er\PortfolioController
.java:100: error: cann
ot find symbol
    public ResponseEnt
ity<?> saveCareers(@Au
thenticationPrincipal 
Object principal, @Req
uestBody List<CareerDT
O> dtos) {
                      
                      
                      
                      
              ^
  symbol:   class Care
erDTO
  location: class Port
folioController
39 errors

> Task :compileJava FAILED

[Incubating] Problems report is available at: file:///C:/Users/juju4/dev/Certi-Folio-Back_v2/build/reports/problems/problems-report.html

FAILURE: Build failed 
with an exception.

* What went wrong:
Execution failed for t
ask ':compileJava'.
> Compilation failed; 
see the compiler outpu
t below.
  C:\Users\juju4\dev\C
erti-Folio-Back_v2\src
\main\java\com\certifo
lio\server\Analytics\r
epository\ActivityRepo
sitory.java:3: error: 
cannot find symbol
  import com.certifoli
o.server.domain.Activi
ty;
                      
               ^
    symbol:   class Ac
tivity
    location: package 
com.certifolio.server.
domain
  C:\Users\juju4\dev\C
erti-Folio-Back_v2\src
\main\java\com\certifo
lio\server\Analytics\r
epository\ActivityRepo
sitory.java:4: error: 
cannot find symbol
  import com.certifoli
o.server.domain.User;
                      
               ^
    symbol:   class Us
er
    location: package 
com.certifolio.server.
domain
  C:\Users\juju4\dev\C
erti-Folio-Back_v2\src
\main\java\com\certifo
lio\server\Analytics\r
epository\ActivityRepo
sitory.java:10: error:
 cannot find symbol
      List<Activity> f
indAllByUser(User user
);
                      
             ^
    symbol:   class Us
er
    location: interfac
e ActivityRepository
  C:\Users\juju4\dev\C
erti-Folio-Back_v2\src
\main\java\com\certifo
lio\server\Analytics\r
epository\ActivityRepo
sitory.java:10: error:
 cannot find symbol
      List<Activity> f
indAllByUser(User user
);
           ^
    symbol:   class Ac
tivity
    location: interfac
e ActivityRepository
  C:\Users\juju4\dev\C
erti-Folio-Back_v2\src
\main\java\com\certifo
lio\server\domain\Care
erPreference.java:21: 
error: cannot find sym
bol
      private User use
r;
              ^
    symbol:   class Us
er
    location: class Ca
reerPreference
  C:\Users\juju4\dev\C
erti-Folio-Back_v2\src
\main\java\com\certifo
lio\server\domain\Care
erPreference.java:21: 
error: cannot find sym
bol
      private User use
r;
                   ^
    symbol:   class Us
er
    location: class Ca
reerPreference
  C:\Users\juju4\dev\C
erti-Folio-Back_v2\src
\main\java\com\certifo
lio\server\domain\Care
erPreference.java:9: e
rror: cannot find symb
ol
  @Setter
  ^
    symbol:   class Us
er
    location: class Ca
reerPreference
  C:\Users\juju4\dev\C
erti-Folio-Back_v2\src
\main\java\com\certifo
lio\server\domain\Care
erPreference.java:11: 
error: cannot find sym
bol
  @AllArgsConstructor
  ^
    symbol:   class Us
er
    location: class Ca
reerPreference
  C:\Users\juju4\dev\C
erti-Folio-Back_v2\src
\main\java\com\certifo
lio\server\domain\Care
erPreference.java:12: 
error: cannot find sym
bol
  @Builder
  ^
    symbol:   class Us
er
    location: class Ca
reerPreferenceBuilder
  C:\Users\juju4\dev\C
erti-Folio-Back_v2\src
\main\java\com\certifo
lio\server\controller\
AnalyticsController.ja
va:4: error: cannot fi
nd symbol
  import com.certifoli
o.server.domain.User;
                      
               ^
    symbol:   class Us
er
    location: package 
com.certifolio.server.
domain
  C:\Users\juju4\dev\C
erti-Folio-Back_v2\src
\main\java\com\certifo
lio\server\controller\
AnalyticsController.ja
va:6: error: cannot fi
nd symbol
  import com.certifoli
o.server.repository.Ca
reerPreferenceReposito
ry;
                      
                   ^
    symbol:   class Ca
reerPreferenceReposito
ry
    location: package 
com.certifolio.server.
repository
  C:\Users\juju4\dev\C
erti-Folio-Back_v2\src
\main\java\com\certifo
lio\server\controller\
AnalyticsController.ja
va:7: error: cannot fi
nd symbol
  import com.certifoli
o.server.repository.Us
erRepository;
                      
                   ^
    symbol:   class Us
erRepository
    location: package 
com.certifolio.server.
repository
  C:\Users\juju4\dev\C
erti-Folio-Back_v2\src
\main\java\com\certifo
lio\server\controller\
AnalyticsController.ja
va:20: error: cannot f
ind symbol
      private final Ca
reerPreferenceReposito
ry preferenceRepositor
y;
                    ^
    symbol:   class Ca
reerPreferenceReposito
ry
    location: class An
alyticsController
  C:\Users\juju4\dev\C
erti-Folio-Back_v2\src
\main\java\com\certifo
lio\server\controller\
AnalyticsController.ja
va:21: error: cannot f
ind symbol
      private final Us
erRepository userRepos
itory;
                    ^
    symbol:   class Us
erRepository
    location: class An
alyticsController
  C:\Users\juju4\dev\C
erti-Folio-Back_v2\src
\main\java\com\certifo
lio\server\controller\
AnalyticsController.ja
va:46: error: cannot f
ind symbol
      private User get
User(Long userId) {
              ^
    symbol:   class Us
er
    location: class An
alyticsController
  C:\Users\juju4\dev\C
erti-Folio-Back_v2\src
\main\java\com\certifo
lio\server\controller\
AnalyticsController.ja
va:17: error: cannot f
ind symbol
  @RequiredArgsConstru
ctor
  ^
    symbol:   class Ca
reerPreferenceReposito
ry
    location: class An
alyticsController
  C:\Users\juju4\dev\C
erti-Folio-Back_v2\src
\main\java\com\certifo
lio\server\repository\
CertificateRepository.
java:4: error: cannot 
find symbol
  import com.certifoli
o.server.domain.User;
                      
               ^
    symbol:   class Us
er
    location: package 
com.certifolio.server.
domain
  C:\Users\juju4\dev\C
erti-Folio-Back_v2\src
\main\java\com\certifo
lio\server\repository\
ProjectRepository.java
:4: error: cannot find
 symbol
  import com.certifoli
o.server.domain.User;
                      
               ^
    symbol:   class Us
er
    location: package 
com.certifolio.server.
domain
  C:\Users\juju4\dev\C
erti-Folio-Back_v2\src
\main\java\com\certifo
lio\server\User\servic
e\PortfolioServiceImpl
.java:29: error: canno
t find symbol
      private final Ca
reerRepository careerR
epository;
                    ^
    symbol:   class Ca
reerRepository
    location: class Po
rtfolioServiceImpl
  C:\Users\juju4\dev\C
erti-Folio-Back_v2\src
\main\java\com\certifo
lio\server\repository\
EducationRepository.ja
va:4: error: cannot fi
nd symbol
  import com.certifoli
o.server.domain.User;
                      
               ^
    symbol:   class Us
er
    location: package 
com.certifolio.server.
domain
  C:\Users\juju4\dev\C
erti-Folio-Back_v2\src
\main\java\com\certifo
lio\server\User\servic
e\PortfolioServiceImpl
.java:21: error: canno
t find symbol
  @RequiredArgsConstru
ctor
  ^
    symbol:   class Ca
reerRepository
    location: class Po
rtfolioServiceImpl
  C:\Users\juju4\dev\C
erti-Folio-Back_v2\src
\main\java\com\certifo
lio\server\repository\
EducationRepository.ja
va:10: error: cannot f
ind symbol
      List<Education> 
findAllByUser(User use
r);
                      
              ^
    symbol:   class Us
er
    location: interfac
e EducationRepository
  C:\Users\juju4\dev\C
erti-Folio-Back_v2\src
\main\java\com\certifo
lio\server\domain\Educ
ation.java:23: error: 
cannot find symbol
      private User use
r;
              ^
    symbol:   class Us
er
    location: class Ed
ucation
  C:\Users\juju4\dev\C
erti-Folio-Back_v2\src
\main\java\com\certifo
lio\server\domain\Educ
ation.java:49: error: 
cannot find symbol
      public Education
(User user, String typ
e, String schoolName, 
String major, String d
egree, String status, 
LocalDate startDate, L
ocalDate endDate, bool
ean isCurrent, Double 
gpa, Double maxGpa, St
ring location) {
                      
 ^
    symbol:   class Us
er
    location: class Ed
ucation
  C:\Users\juju4\dev\C
erti-Folio-Back_v2\src
\main\java\com\certifo
lio\server\domain\Educ
ation.java:23: error: 
cannot find symbol
      private User use
r;
                   ^
    symbol:   class Us
er
    location: class Ed
ucation
  C:\Users\juju4\dev\C
erti-Folio-Back_v2\src
\main\java\com\certifo
lio\server\domain\Educ
ation.java:48: error: 
cannot find symbol
      @Builder
      ^
    symbol:   class Us
er
    location: class Ed
ucationBuilder
  C:\Users\juju4\dev\C
erti-Folio-Back_v2\src
\main\java\com\certifo
lio\server\repository\
ProjectRepository.java
:10: error: cannot fin
d symbol
      List<Project> fi
ndAllByUser(User user)
;
                      
            ^
    symbol:   class Us
er
    location: interfac
e ProjectRepository
  C:\Users\juju4\dev\C
erti-Folio-Back_v2\src
\main\java\com\certifo
lio\server\domain\Proj
ect.java:23: error: ca
nnot find symbol
      private User use
r;
              ^
    symbol:   class Us
er
    location: class Pr
oject
  C:\Users\juju4\dev\C
erti-Folio-Back_v2\src
\main\java\com\certifo
lio\server\domain\Proj
ect.java:51: error: ca
nnot find symbol
      public Project(U
ser user, String name,
 String type, String r
ole, String teamSize, 
String techStack, Stri
ng description, String
 githubLink, String de
moLink, String result,
 LocalDate startDate, 
LocalDate endDate) {
                     ^
    symbol:   class Us
er
    location: class Pr
oject
  C:\Users\juju4\dev\C
erti-Folio-Back_v2\src
\main\java\com\certifo
lio\server\domain\Proj
ect.java:23: error: ca
nnot find symbol
      private User use
r;
                   ^
    symbol:   class Us
er
    location: class Pr
oject
  C:\Users\juju4\dev\C
erti-Folio-Back_v2\src
\main\java\com\certifo
lio\server\domain\Proj
ect.java:50: error: ca
nnot find symbol
      @Builder
      ^
    symbol:   class Us
er
    location: class Pr
ojectBuilder
  C:\Users\juju4\dev\C
erti-Folio-Back_v2\src
\main\java\com\certifo
lio\server\repository\
CertificateRepository.
java:10: error: cannot
 find symbol
      List<Certificate
> findAllByUser(User u
ser);
                      
                ^
    symbol:   class Us
er
    location: interfac
e CertificateRepositor
y
  C:\Users\juju4\dev\C
erti-Folio-Back_v2\src
\main\java\com\certifo
lio\server\domain\Cert
ificate.java:23: error
: cannot find symbol
      private User use
r;
              ^
    symbol:   class Us
er
1 actionable task: 1 executed
    location: class Ce
rtificate
  C:\Users\juju4\dev\C
erti-Folio-Back_v2\src
\main\java\com\certifo
lio\server\domain\Cert
ificate.java:45: error
: cannot find symbol
      public Certifica
te(User user, String n
ame, String issuer, Lo
calDate issueDate, Loc
alDate expiryDate, Str
ing status, String sco
re, String certificate
Number, String categor
y, String imageUrl) {
                      
   ^
    symbol:   class Us
er
    location: class Ce
rtificate
  C:\Users\juju4\dev\C
erti-Folio-Back_v2\src
\main\java\com\certifo
lio\server\domain\Cert
ificate.java:23: error
: cannot find symbol
      private User use
r;
                   ^
    symbol:   class Us
er
    location: class Ce
rtificate
  C:\Users\juju4\dev\C
erti-Folio-Back_v2\src
\main\java\com\certifo
lio\server\domain\Cert
ificate.java:44: error
: cannot find symbol
      @Builder
      ^
    symbol:   class Us
er
    location: class Ce
rtificateBuilder
  C:\Users\juju4\dev\C
erti-Folio-Back_v2\src
\main\java\com\certifo
lio\server\User\contro
ller\PortfolioControll
er.java:89: error: can
not find symbol
              @Request
Body List<ActivityDTO>
 dtos) {
                      
          ^
    symbol:   class Ac
tivityDTO
    location: class Po
rtfolioController
  C:\Users\juju4\dev\C
erti-Folio-Back_v2\src
\main\java\com\certifo
lio\server\User\contro
ller\PortfolioControll
er.java:100: error: ca
nnot find symbol
      public ResponseE
ntity<?> saveCareers(@
AuthenticationPrincipa
l Object principal, @R
equestBody List<Career
DTO> dtos) {
                      
                      
                      
                      
                ^
    symbol:   class Ca
reerDTO
    location: class Po
rtfolioController
  C:\Users\juju4\dev\C
erti-Folio-Back_v2\src
\main\java\com\certifo
lio\server\Analytics\r
epository\ActivityRepo
sitory.java:9: error: 
cannot find symbol
  public interface Act
ivityRepository extend
s JpaRepository<Activi
ty, Long> {
                      
                      
                ^
    symbol: class Acti
vity
  39 errors

* Try:
> Check your code and 
dependencies to fix th
e compilation error(s)
> Run with --scan to g
enerate a Build Scan (
powered by Develocity)
.

BUILD FAILED in 3s
